// Jest Snapshot v1, https://goo.gl/fbAQLP

exports[`block-anchor does not parse produce an anchor if there is content before markup 1`] = `
"<p>Content </p>
"
`;

exports[`block-anchor handles multiple anchors in the input 1`] = `
"<hr id=\\"first-anchor\\" class=\\"visually-hidden\\" /><p>Some content</p>
<hr id=\\"second-anchor\\" class=\\"visually-hidden\\" /><p>Some more content</p>
<hr id=\\"third-anchor\\" class=\\"visually-hidden\\" />"
`;

exports[`block-anchor parses anchors surrounded by other blocks 1`] = `
"<h1 id=\\"heading\\"><a href=\\"#heading\\" class=\\"yfm-anchor\\" aria-hidden=\\"true\\"><span class=\\"visually-hidden\\">Heading</span></a>Heading</h1>
<hr id=\\"my-anchor\\" class=\\"visually-hidden\\" /><p>paragraph with content</p>
"
`;

exports[`block-anchor parses block anchors 1`] = `
"<p>\${%anchor my-anchor} Content</p>
"
`;

exports[`block-anchor renders block-anchor 1`] = `"<hr id=\\"my-anchor\\" class=\\"visually-hidden\\" />"`;

exports[`block-anchor works with heading anchors 1`] = `
"<h1 id=\\"heading-anchor\\"><a href=\\"#heading-anchor\\" class=\\"yfm-anchor\\" aria-hidden=\\"true\\"><span class=\\"visually-hidden\\">Heading</span></a>Heading</h1>
<hr id=\\"my-anchor\\" class=\\"visually-hidden\\" />"
`;
