// Jest Snapshot v1, https://goo.gl/fbAQLP

exports[`implicit-link renders implicit-link 1`] = `"<a href=\\"https://google.com\\">https://google.com</a>"`;
